#***********************************************
#*
#*  BattleZone 98 Redux Keyboard Mapping File
#*
#*  MODIFY THIS FILE AT YOUR OWN RISK.
#*
#***********************************************


MAIN_MENU			        ESC
COCKPIT_VIEW				F1
FRONT_VIEW				    F2
TRACK_VIEW				    F3
TOGGLE_INFO_DISPLAY			I
TOGGLE_OBJECTIVES_DISPLAY	O
REPEAT_AUDIO				L	


ALLIE_TOGGLE				GREYINSERT
UNALLIE_TOGGLE				GREYDELETE

SCORE_TOGGLE				M
RADAR_TOGGLE				BSP

CHAT_SENDTOALL				`








#Useless Bit


#NO_COCKPIT_VIEW			SHIFT+F2
#NO_HUD_VIEW				SHIFT+F5
#TWO_D_VIEW				    SHIFT+F9
#OVER_VIEW				    SHIFT+F10
#SKIP_LINES				    SHIFT+F11
#FREE_EYE_VIEW				SHIFT+F11
#TOGGLE_OVERVIEW			SHIFT+F12

#TOGGLE_ARCADE_MODE			CTRL+A
#SAVE_SCREEN				CTRL+P

#PAUSE_GAME				    ALT+P
#PAUSE_GAME				    PAUSE
#EXIT_SIM_QUIT				ALT+X

#SAVE_GAME				    CTRL+S
#LOAD_GAME				C   TRL+O

#CHAT_SENDTOALL				ENTER
#CHAT_SENDTOALL				CTRL+C


#TOGGLE_FRAMERATE			ALT+F
#TOGGLE_NETDEBUG			ALT+N
#MONO_DEBUG_TOGGLE			CTRL+/
#MONO_DEBUG_NEXT_SCREEN			.
#MONO_DEBUG_PREV_SCREEN			,
#MONO_DEBUG_PAGE_UP			    '
#MONO_DEBUG_PAGE_DOWN			;

ADVANCE_VAR				\
INC_VAR					]
DEC_VAR					[

#TOGGLE_EDITMODE 			CTRL+E
#TOGGLE_FPS				    CTRL+R

#ALLIE_TOGGLE				CTRL+[
#UNALLIE_TOGGLE				CTRL+]

